D:\tests\education_git>git init
Initialized empty Git repository in D:/tests/education_git/.git/

D:\tests>git config --global user.name "Акулов Игорь"

D:\tests>git config --global user.email "akulov@reg.ru"

D:\tests>git remote add origin https://github.com/akulovIgor/education_git.git

D:\tests\education_git>git status
On branch master

No commits yet

Untracked files:
  (use "git add <file>..." to include in what will be committed)
        .gitignore
        task1.1.txt

nothing added to commit but untracked files present (use "git add" to track)

D:\tests\education_git>git status
On branch master

No commits yet

Untracked files:
  (use "git add <file>..." to include in what will be committed)
        .gitignore

nothing added to commit but untracked files present (use "git add" to track)

D:\tests\education_git>git add -A

D:\tests\education_git>git commit -m "add task1.1_answer.txt"
[master (root-commit) 6981d73] add task1.1_answer.txt
 2 files changed, 33 insertions(+)
 create mode 100644 .gitignore
 create mode 100644 task1.1_answer.txt

D:\tests\education_git>git push -u origin master
Enumerating objects: 4, done.
Counting objects: 100% (4/4), done.
Delta compression using up to 12 threads
Compressing objects: 100% (3/3), done.
Writing objects: 100% (4/4), 644 bytes | 644.00 KiB/s, done.
Total 4 (delta 0), reused 0 (delta 0), pack-reused 0
To https://github.com/akulovIgor/education_git.git
 * [new branch]      master -> master
Branch 'master' set up to track remote branch 'master' from 'origin'.

D:\tests\education_git2>git clone https://github.com/akulovIgor/education_git.git
Cloning into 'education_git'...
remote: Enumerating objects: 4, done.
remote: Counting objects: 100% (4/4), done.
remote: Compressing objects: 100% (3/3), done.
remote: Total 4 (delta 0), reused 4 (delta 0), pack-reused 0
Receiving objects: 100% (4/4), done.

D:\tests\education_git2>cd education_git

D:\tests\education_git2\education_git>git status
On branch master
Your branch is up to date with 'origin/master'.

Untracked files:
  (use "git add <file>..." to include in what will be committed)
        fileA.txt
        fileB.txt

nothing added to commit but untracked files present (use "git add" to track)

D:\tests\education_git2\education_git>git add -A

D:\tests\education_git2\education_git>git commit -m "add filaA and fileB"
[master 219522a] add filaA and fileB
 2 files changed, 2 insertions(+)
 create mode 100644 fileA.txt
 create mode 100644 fileB.txt

D:\tests\education_git2\education_git>git push
Enumerating objects: 5, done.
Counting objects: 100% (5/5), done.
Delta compression using up to 12 threads
Compressing objects: 100% (2/2), done.
Writing objects: 100% (4/4), 401 bytes | 401.00 KiB/s, done.
Total 4 (delta 0), reused 0 (delta 0), pack-reused 0
To https://github.com/akulovIgor/education_git.git
   6981d73..219522a  master -> master

D:\tests\education_git>git pull
remote: Enumerating objects: 5, done.
remote: Counting objects: 100% (5/5), done.
remote: Compressing objects: 100% (2/2), done.
remote: Total 4 (delta 0), reused 4 (delta 0), pack-reused 0
Unpacking objects: 100% (4/4), 381 bytes | 31.00 KiB/s, done.
From https://github.com/akulovIgor/education_git
   6981d73..219522a  master     -> origin/master
Updating 6981d73..219522a
Fast-forward
 fileA.txt | 1 +
 fileB.txt | 1 +
 2 files changed, 2 insertions(+)
 create mode 100644 fileA.txt
 create mode 100644 fileB.txt

D:\tests\education_git>git diff fileA.txt
diff --git a/fileA.txt b/fileA.txt
index 259df2a..4da2c32 100644
--- a/fileA.txt
+++ b/fileA.txt
@@ -1 +1,2 @@
-wefwe
\ No newline at end of file
+wefwe
+second
\ No newline at end of file