D:\tests\education_git>git init
Initialized empty Git repository in D:/tests/education_git/.git/

D:\tests>git config --global user.name "Акулов Игорь"

D:\tests>git config --global user.email "akulov@reg.ru"

D:\tests>git remote add origin https://github.com/akulovIgor/education_git.git

D:\tests\education_git>git status
On branch master

No commits yet

Untracked files:
  (use "git add <file>..." to include in what will be committed)
        .gitignore
        task1.1.txt

nothing added to commit but untracked files present (use "git add" to track)

D:\tests\education_git>git status
On branch master

No commits yet

Untracked files:
  (use "git add <file>..." to include in what will be committed)
        .gitignore

nothing added to commit but untracked files present (use "git add" to track)

D:\tests\education_git>git add -A

D:\tests\education_git>git commit -m "add task1.1_answer.txt"
[master (root-commit) 6981d73] add task1.1_answer.txt
 2 files changed, 33 insertions(+)
 create mode 100644 .gitignore
 create mode 100644 task1.1_answer.txt

D:\tests\education_git>git push -u origin master
Enumerating objects: 4, done.
Counting objects: 100% (4/4), done.
Delta compression using up to 12 threads
Compressing objects: 100% (3/3), done.
Writing objects: 100% (4/4), 644 bytes | 644.00 KiB/s, done.
Total 4 (delta 0), reused 0 (delta 0), pack-reused 0
To https://github.com/akulovIgor/education_git.git
 * [new branch]      master -> master
Branch 'master' set up to track remote branch 'master' from 'origin'.

D:\tests\education_git2>git clone https://github.com/akulovIgor/education_git.git
Cloning into 'education_git'...
remote: Enumerating objects: 4, done.
remote: Counting objects: 100% (4/4), done.
remote: Compressing objects: 100% (3/3), done.
remote: Total 4 (delta 0), reused 4 (delta 0), pack-reused 0
Receiving objects: 100% (4/4), done.

D:\tests\education_git2>cd education_git

D:\tests\education_git2\education_git>git status
On branch master
Your branch is up to date with 'origin/master'.

Untracked files:
  (use "git add <file>..." to include in what will be committed)
        fileA.txt
        fileB.txt

nothing added to commit but untracked files present (use "git add" to track)

D:\tests\education_git2\education_git>git add -A

D:\tests\education_git2\education_git>git commit -m "add filaA and fileB"
[master 219522a] add filaA and fileB
 2 files changed, 2 insertions(+)
 create mode 100644 fileA.txt
 create mode 100644 fileB.txt

D:\tests\education_git2\education_git>git push
Enumerating objects: 5, done.
Counting objects: 100% (5/5), done.
Delta compression using up to 12 threads
Compressing objects: 100% (2/2), done.
Writing objects: 100% (4/4), 401 bytes | 401.00 KiB/s, done.
Total 4 (delta 0), reused 0 (delta 0), pack-reused 0
To https://github.com/akulovIgor/education_git.git
   6981d73..219522a  master -> master

D:\tests\education_git>git pull
remote: Enumerating objects: 5, done.
remote: Counting objects: 100% (5/5), done.
remote: Compressing objects: 100% (2/2), done.
remote: Total 4 (delta 0), reused 4 (delta 0), pack-reused 0
Unpacking objects: 100% (4/4), 381 bytes | 31.00 KiB/s, done.
From https://github.com/akulovIgor/education_git
   6981d73..219522a  master     -> origin/master
Updating 6981d73..219522a
Fast-forward
 fileA.txt | 1 +
 fileB.txt | 1 +
 2 files changed, 2 insertions(+)
 create mode 100644 fileA.txt
 create mode 100644 fileB.txt

D:\tests\education_git>git diff fileA.txt
diff --git a/fileA.txt b/fileA.txt
index 259df2a..4da2c32 100644
--- a/fileA.txt
+++ b/fileA.txt
@@ -1 +1,2 @@
-wefwe
\ No newline at end of file
+wefwe
+second
<<<<<<< HEAD
\ No newline at end of file

D:\tests\education_git>git add -A

D:\tests\education_git>git commit -m "delete fileB.txt"
[master f878558] delete fileB.txt
 3 files changed, 87 insertions(+), 2 deletions(-)
 delete mode 100644 fileB.txt

D:\tests\education_git>git push
Enumerating objects: 7, done.
Counting objects: 100% (7/7), done.
Delta compression using up to 12 threads
Compressing objects: 100% (3/3), done.
Writing objects: 100% (4/4), 1.33 KiB | 1.33 MiB/s, done.
Total 4 (delta 0), reused 0 (delta 0), pack-reused 0
To https://github.com/akulovIgor/education_git.git
   219522a..f878558  master -> master

D:\tests\education_git>git lg
f878558 - delete fileB.txt : Sat Jun 6 15:38:06 2020 +0400 [ <D0><90><D0><BA><D1><83><D0><BB><D0><BE><D0><B2> <D0><98>
<D0><B3><D0><BE><D1><80><D1><8C> ]
219522a - add filaA and fileB : Sat Jun 6 15:33:03 2020 +0400 [ <D0><90><D0><BA><D1><83><D0><BB><D0><BE><D0><B2> <D0>
<98><D0><B3><D0><BE><D1><80><D1><8C> ]
6981d73 - add task1.1_answer.txt : Sat Jun 6 15:28:00 2020 +0400 [ <D0><90><D0><BA><D1><83><D0><BB><D0><BE><D0><B2> <D0><98><D0><B3><D0><BE><D1><80><D1><8C> ]

D:\tests\education_git2\education_git>git lg
219522a - add filaA and fileB : Sat Jun 6 15:33:03 2020 +0400 [ <D0><90><D0><BA><D1><83><D0><BB><D0><BE><D0><B2> <D0>
<98><D0><B3><D0><BE><D1><80><D1><8C> ]
6981d73 - add task1.1_answer.txt : Sat Jun 6 15:28:00 2020 +0400 [ <D0><90><D0><BA><D1><83><D0><BB><D0><BE><D0><B2> <D0><98><D0><B3><D0><BE><D1><80><D1><8C> ]

D:\tests\education_git2\education_git>git pull
remote: Enumerating objects: 7, done.
remote: Counting objects: 100% (7/7), done.
remote: Compressing objects: 100% (3/3), done.
remote: Total 4 (delta 0), reused 4 (delta 0), pack-reused 0
Unpacking objects: 100% (4/4), 1.31 KiB | 111.00 KiB/s, done.
From https://github.com/akulovIgor/education_git
   219522a..f878558  master     -> origin/master
error: Your local changes to the following files would be overwritten by merge:
        task1.1_answer.txt
Please commit your changes or stash them before you merge.
Aborting
Updating 219522a..f878558

D:\tests\education_git2\education_git>git add -A

D:\tests\education_git2\education_git>git commit -m "edit task1.1_answer"
[master 2a816f6] edit task1.1_answer
 1 file changed, 129 insertions(+)
=======
\ No newline at end of file
>>>>>>> f8785584aab7777299f3f32af999bad20aebf83a

D:\tests\education_git>git checkout 219522a fileB.txt
Updated 1 path from 7b60335

D:\tests\education_git>git checkout -b feature1
Switched to a new branch 'feature1'

D:\tests\education_git>git branch
* feature1
  master

D:\tests\education_git2\education_git>git checkout -b feature1 origin/feature1
Switched to a new branch 'feature1'
Branch 'feature1' set up to track remote branch 'feature1' from 'origin'.

D:\tests\education_git2\education_git>git branch
* feature1
  feature2
  master

D:\tests\education_git2\education_git>git checkout master
Switched to branch 'master'
Your branch is up to date with 'origin/master'.

D:\tests\education_git2\education_git>git branch
  feature1
  feature2
* master

D:\tests\education_git2\education_git>git merge feature1
Auto-merging task1.1_answer.txt
Merge made by the 'recursive' strategy.
 fileB.txt          | 3 ++-
 task1.1_answer.txt | 7 +++++++
 2 files changed, 9 insertions(+), 1 deletion(-)
